// Jest Snapshot v1, https://goo.gl/fbAQLP

exports[`ItemList component renders correctly 1`] = `
<DocumentFragment>
  <div
    class="itemlist"
  >
    <a
      class="item"
      to="/items/MLC8752432"
    >
      <div
        class="item--imagecontainer"
      >
        <img
          alt="IPhone 12"
          class="item--image"
          src="//item.jpg"
        />
      </div>
      <div
        class="item--price"
      >
        CLP 650000
      </div>
      <div
        class="item--title"
      >
        IPhone 12
      </div>
      <div
        class="item--condition"
      >
        Nuevo
      </div>
      <div
        class="item--shipping-free"
      >
        Envío Gratis
      </div>
    </a>
    <a
      class="item"
      to="/items/MLC8752433"
    >
      <div
        class="item--imagecontainer"
      >
        <img
          alt="IPhone 12"
          class="item--image"
          src="//item.jpg"
        />
      </div>
      <div
        class="item--price"
      >
        CLP 650000
      </div>
      <div
        class="item--title"
      >
        IPhone 12
      </div>
      <div
        class="item--condition"
      >
        Nuevo
      </div>
      <div
        class="item--shipping-free"
      >
        Envío Gratis
      </div>
    </a>
    <a
      class="item"
      to="/items/MLC8752434"
    >
      <div
        class="item--imagecontainer"
      >
        <img
          alt="IPhone 12"
          class="item--image"
          src="//item.jpg"
        />
      </div>
      <div
        class="item--price"
      >
        CLP 650000
      </div>
      <div
        class="item--title"
      >
        IPhone 12
      </div>
      <div
        class="item--condition"
      >
        Nuevo
      </div>
    </a>
  </div>
</DocumentFragment>
`;
